Collecting music21<10,>=9.1 (from -r environment\requirements-backend.txt (line 3))
  Using cached music21-9.9.2-py3-none-any.whl.metadata (5.2 kB)
Collecting pretty_midi>=0.2.10 (from -r environment\requirements-backend.txt (line 4))
  Using cached pretty_midi-0.2.11.post0-py3-none-any.whl.metadata (4.0 kB)
Requirement already satisfied: mido>=1.2.10 in .\.venv-backend\Lib\site-packages (from -r environment\requirements-backend.txt (line 5)) (1.3.3)
Collecting numpy<3,>=1.24 (from -r environment\requirements-backend.txt (line 6))
  Using cached numpy-2.5.2-cp312-cp312-win_amd64.whl.metadata (6.6 kB)
Collecting lightgbm<5,>=4.0 (from -r environment\requirements-backend.txt (line 7))
  Using cached lightgbm-4.7.0-py3-none-win_amd64.whl.metadata (18 kB)
Collecting verovio<6,>=4.3 (from -r environment\requirements-backend.txt (line 8))
  Using cached verovio-5.7.0-cp312-cp312-win_amd64.whl.metadata (5.3 kB)
Collecting cairosvg<3,>=2.7 (from -r environment\requirements-backend.txt (line 9))
  Using cached cairosvg-2.9.0-py3-none-any.whl.metadata (2.7 kB)
Collecting Pillow<12,>=10 (from -r environment\requirements-backend.txt (line 10))
  Using cached pillow-11.3.0-cp312-cp312-win_amd64.whl.metadata (9.2 kB)
Collecting chardet (from music21<10,>=9.1->-r environment\requirements-backend.txt (line 3))
  Using cached chardet-7.6.0-cp312-cp312-win_amd64.whl.metadata (9.6 kB)
Collecting joblib (from music21<10,>=9.1->-r environment\requirements-backend.txt (line 3))
  Using cached joblib-1.5.3-py3-none-any.whl.metadata (5.5 kB)
Collecting jsonpickle (from music21<10,>=9.1->-r environment\requirements-backend.txt (line 3))
  Using cached jsonpickle-4.1.2-py3-none-any.whl.metadata (8.1 kB)
Collecting matplotlib (from music21<10,>=9.1->-r environment\requirements-backend.txt (line 3))
  Using cached matplotlib-3.11.1-cp312-cp312-win_amd64.whl.metadata (80 kB)
Collecting more-itertools (from music21<10,>=9.1->-r environment\requirements-backend.txt (line 3))
  Using cached more_itertools-11.1.0-py3-none-any.whl.metadata (41 kB)
Collecting requests (from music21<10,>=9.1->-r environment\requirements-backend.txt (line 3))
  Using cached requests-2.34.2-py3-none-any.whl.metadata (4.8 kB)
Collecting webcolors>=1.5 (from music21<10,>=9.1->-r environment\requirements-backend.txt (line 3))
  Using cached webcolors-25.10.0-py3-none-any.whl.metadata (2.2 kB)
Collecting narwhals>=1.15 (from lightgbm<5,>=4.0->-r environment\requirements-backend.txt (line 7))
  Using cached narwhals-2.24.0-py3-none-any.whl.metadata (15 kB)
Collecting scipy (from lightgbm<5,>=4.0->-r environment\requirements-backend.txt (line 7))
  Using cached scipy-1.18.0-cp312-cp312-win_amd64.whl.metadata (61 kB)
Collecting cairocffi (from cairosvg<3,>=2.7->-r environment\requirements-backend.txt (line 9))
  Using cached cairocffi-1.7.1-py3-none-any.whl.metadata (3.3 kB)
Collecting cssselect2 (from cairosvg<3,>=2.7->-r environment\requirements-backend.txt (line 9))
  Using cached cssselect2-0.9.0-py3-none-any.whl.metadata (2.9 kB)
Collecting defusedxml (from cairosvg<3,>=2.7->-r environment\requirements-backend.txt (line 9))
  Using cached defusedxml-0.7.1-py2.py3-none-any.whl.metadata (32 kB)
Collecting tinycss2 (from cairosvg<3,>=2.7->-r environment\requirements-backend.txt (line 9))
  Using cached tinycss2-1.5.1-py3-none-any.whl.metadata (3.0 kB)
Collecting six (from pretty_midi>=0.2.10->-r environment\requirements-backend.txt (line 4))
  Using cached six-1.17.0-py2.py3-none-any.whl.metadata (1.7 kB)
Collecting importlib_resources (from pretty_midi>=0.2.10->-r environment\requirements-backend.txt (line 4))
  Using cached importlib_resources-7.1.0-py3-none-any.whl.metadata (4.0 kB)
Requirement already satisfied: packaging in .\.venv-backend\Lib\site-packages (from mido>=1.2.10->-r environment\requirements-backend.txt (line 5)) (26.3)
Collecting cffi>=1.1.0 (from cairocffi->cairosvg<3,>=2.7->-r environment\requirements-backend.txt (line 9))
  Using cached cffi-2.1.1-cp312-cp312-win_amd64.whl.metadata (2.6 kB)
Collecting pycparser (from cffi>=1.1.0->cairocffi->cairosvg<3,>=2.7->-r environment\requirements-backend.txt (line 9))
  Using cached pycparser-3.0-py3-none-any.whl.metadata (8.2 kB)
Collecting webencodings (from cssselect2->cairosvg<3,>=2.7->-r environment\requirements-backend.txt (line 9))
  Using cached webencodings-0.6.1-py3-none-any.whl.metadata (3.4 kB)
Collecting contourpy>=1.0.1 (from matplotlib->music21<10,>=9.1->-r environment\requirements-backend.txt (line 3))
  Using cached contourpy-1.3.3-cp312-cp312-win_amd64.whl.metadata (5.5 kB)
Collecting cycler>=0.10 (from matplotlib->music21<10,>=9.1->-r environment\requirements-backend.txt (line 3))
  Using cached cycler-0.12.1-py3-none-any.whl.metadata (3.8 kB)
Collecting fonttools>=4.28.2 (from matplotlib->music21<10,>=9.1->-r environment\requirements-backend.txt (line 3))
  Using cached fonttools-4.63.0-cp312-cp312-win_amd64.whl.metadata (121 kB)
Collecting kiwisolver>=1.3.1 (from matplotlib->music21<10,>=9.1->-r environment\requirements-backend.txt (line 3))
  Using cached kiwisolver-1.5.0-cp312-cp312-win_amd64.whl.metadata (5.2 kB)
Collecting pyparsing>=3 (from matplotlib->music21<10,>=9.1->-r environment\requirements-backend.txt (line 3))
  Using cached pyparsing-3.3.2-py3-none-any.whl.metadata (5.8 kB)
Collecting python-dateutil>=2.7 (from matplotlib->music21<10,>=9.1->-r environment\requirements-backend.txt (line 3))
  Using cached python_dateutil-2.9.0.post0-py2.py3-none-any.whl.metadata (8.4 kB)
Collecting charset_normalizer<4,>=2 (from requests->music21<10,>=9.1->-r environment\requirements-backend.txt (line 3))
  Using cached charset_normalizer-3.5.1-cp312-cp312-win_amd64.whl.metadata (46 kB)
Collecting idna<4,>=2.5 (from requests->music21<10,>=9.1->-r environment\requirements-backend.txt (line 3))
  Using cached idna-3.19-py3-none-any.whl.metadata (9.2 kB)
Collecting urllib3<3,>=1.26 (from requests->music21<10,>=9.1->-r environment\requirements-backend.txt (line 3))
  Using cached urllib3-2.7.0-py3-none-any.whl.metadata (6.9 kB)
Collecting certifi>=2023.5.7 (from requests->music21<10,>=9.1->-r environment\requirements-backend.txt (line 3))
  Using cached certifi-2026.7.22-py3-none-any.whl.metadata (2.5 kB)
Using cached music21-9.9.2-py3-none-any.whl (20.1 MB)
Using cached numpy-2.5.2-cp312-cp312-win_amd64.whl (12.5 MB)
Using cached lightgbm-4.7.0-py3-none-win_amd64.whl (1.4 MB)
Using cached verovio-5.7.0-cp312-cp312-win_amd64.whl (5.3 MB)
Downloading cairosvg-2.9.0-py3-none-any.whl (45 kB)
Downloading pillow-11.3.0-cp312-cp312-win_amd64.whl (7.0 MB)
Downloading pretty_midi-0.2.11.post0-py3-none-any.whl (5.6 MB)
Downloading narwhals-2.24.0-py3-none-any.whl (461 kB)
Downloading webcolors-25.10.0-py3-none-any.whl (14 kB)
Downloading cairocffi-1.7.1-py3-none-any.whl (75 kB)
Downloading cffi-2.1.1-cp312-cp312-win_amd64.whl (185 kB)
Downloading chardet-7.6.0-cp312-cp312-win_amd64.whl (1.2 MB)
Downloading cssselect2-0.9.0-py3-none-any.whl (15 kB)
Downloading defusedxml-0.7.1-py2.py3-none-any.whl (25 kB)
Downloading importlib_resources-7.1.0-py3-none-any.whl (37 kB)
Using cached joblib-1.5.3-py3-none-any.whl (309 kB)
Downloading jsonpickle-4.1.2-py3-none-any.whl (47 kB)
Downloading matplotlib-3.11.1-cp312-cp312-win_amd64.whl (9.3 MB)
