Looking in indexes: https://pypi.tuna.tsinghua.edu.cn/simple
Collecting music21<10,>=9.1 (from -r environment\requirements-backend.txt (line 3))
  Downloading music21-9.9.2-py3-none-any.whl (20.1 MB)
Collecting pretty_midi>=0.2.10 (from -r environment\requirements-backend.txt (line 4))
  Downloading pretty_midi-0.2.11.post0-py3-none-any.whl (5.6 MB)
Requirement already satisfied: mido>=1.2.10 in .\.venv-backend\Lib\site-packages (from -r environment\requirements-backend.txt (line 5)) (1.3.3)
Collecting numpy<3,>=1.24 (from -r environment\requirements-backend.txt (line 6))
  Downloading numpy-2.5.2-cp312-cp312-win_amd64.whl (12.5 MB)
Collecting lightgbm<5,>=4.0 (from -r environment\requirements-backend.txt (line 7))
  Downloading lightgbm-4.7.0-py3-none-win_amd64.whl (1.4 MB)
Collecting verovio<6,>=4.3 (from -r environment\requirements-backend.txt (line 8))
  Downloading verovio-5.7.0-cp312-cp312-win_amd64.whl (5.3 MB)
Collecting cairosvg<3,>=2.7 (from -r environment\requirements-backend.txt (line 9))
  Downloading cairosvg-2.9.0-py3-none-any.whl (45 kB)
Collecting Pillow<12,>=10 (from -r environment\requirements-backend.txt (line 10))
  Downloading pillow-11.3.0-cp312-cp312-win_amd64.whl (7.0 MB)
Collecting chardet (from music21<10,>=9.1->-r environment\requirements-backend.txt (line 3))
  Downloading chardet-7.6.0-cp312-cp312-win_amd64.whl (1.2 MB)
Collecting joblib (from music21<10,>=9.1->-r environment\requirements-backend.txt (line 3))
  Downloading joblib-1.5.3-py3-none-any.whl (309 kB)
Collecting jsonpickle (from music21<10,>=9.1->-r environment\requirements-backend.txt (line 3))
  Downloading jsonpickle-4.1.2-py3-none-any.whl (47 kB)
Collecting matplotlib (from music21<10,>=9.1->-r environment\requirements-backend.txt (line 3))
  Downloading matplotlib-3.11.1-cp312-cp312-win_amd64.whl (9.3 MB)
Collecting more-itertools (from music21<10,>=9.1->-r environment\requirements-backend.txt (line 3))
  Downloading more_itertools-11.1.0-py3-none-any.whl (72 kB)
Collecting requests (from music21<10,>=9.1->-r environment\requirements-backend.txt (line 3))
  Downloading requests-2.34.2-py3-none-any.whl (73 kB)
Collecting webcolors>=1.5 (from music21<10,>=9.1->-r environment\requirements-backend.txt (line 3))
  Downloading webcolors-25.10.0-py3-none-any.whl (14 kB)
Collecting narwhals>=1.15 (from lightgbm<5,>=4.0->-r environment\requirements-backend.txt (line 7))
  Downloading narwhals-2.24.0-py3-none-any.whl (461 kB)
Collecting scipy (from lightgbm<5,>=4.0->-r environment\requirements-backend.txt (line 7))
  Downloading scipy-1.18.0-cp312-cp312-win_amd64.whl (36.6 MB)
Collecting cairocffi (from cairosvg<3,>=2.7->-r environment\requirements-backend.txt (line 9))
  Downloading cairocffi-1.7.1-py3-none-any.whl (75 kB)
Collecting cssselect2 (from cairosvg<3,>=2.7->-r environment\requirements-backend.txt (line 9))
  Downloading cssselect2-0.9.0-py3-none-any.whl (15 kB)
Collecting defusedxml (from cairosvg<3,>=2.7->-r environment\requirements-backend.txt (line 9))
  Downloading defusedxml-0.7.1-py2.py3-none-any.whl (25 kB)
Collecting tinycss2 (from cairosvg<3,>=2.7->-r environment\requirements-backend.txt (line 9))
  Downloading tinycss2-1.5.1-py3-none-any.whl (28 kB)
Collecting six (from pretty_midi>=0.2.10->-r environment\requirements-backend.txt (line 4))
  Downloading six-1.17.0-py2.py3-none-any.whl (11 kB)
Collecting importlib_resources (from pretty_midi>=0.2.10->-r environment\requirements-backend.txt (line 4))
  Downloading importlib_resources-7.1.0-py3-none-any.whl (37 kB)
Requirement already satisfied: packaging in .\.venv-backend\Lib\site-packages (from mido>=1.2.10->-r environment\requirements-backend.txt (line 5)) (26.3)
Collecting cffi>=1.1.0 (from cairocffi->cairosvg<3,>=2.7->-r environment\requirements-backend.txt (line 9))
  Downloading cffi-2.1.1-cp312-cp312-win_amd64.whl (185 kB)
Collecting pycparser (from cffi>=1.1.0->cairocffi->cairosvg<3,>=2.7->-r environment\requirements-backend.txt (line 9))
  Downloading pycparser-3.0-py3-none-any.whl (48 kB)
Collecting webencodings (from cssselect2->cairosvg<3,>=2.7->-r environment\requirements-backend.txt (line 9))
  Downloading webencodings-0.6.1-py3-none-any.whl (8.7 kB)
Collecting contourpy>=1.0.1 (from matplotlib->music21<10,>=9.1->-r environment\requirements-backend.txt (line 3))
  Downloading contourpy-1.3.3-cp312-cp312-win_amd64.whl (226 kB)
Collecting cycler>=0.10 (from matplotlib->music21<10,>=9.1->-r environment\requirements-backend.txt (line 3))
  Downloading cycler-0.12.1-py3-none-any.whl (8.3 kB)
Collecting fonttools>=4.28.2 (from matplotlib->music21<10,>=9.1->-r environment\requirements-backend.txt (line 3))
  Downloading fonttools-4.63.0-cp312-cp312-win_amd64.whl (2.3 MB)
Collecting kiwisolver>=1.3.1 (from matplotlib->music21<10,>=9.1->-r environment\requirements-backend.txt (line 3))
  Downloading kiwisolver-1.5.0-cp312-cp312-win_amd64.whl (73 kB)
Collecting pyparsing>=3 (from matplotlib->music21<10,>=9.1->-r environment\requirements-backend.txt (line 3))
  Downloading pyparsing-3.3.2-py3-none-any.whl (122 kB)
Collecting python-dateutil>=2.7 (from matplotlib->music21<10,>=9.1->-r environment\requirements-backend.txt (line 3))
  Downloading python_dateutil-2.9.0.post0-py2.py3-none-any.whl (229 kB)
Collecting charset_normalizer<4,>=2 (from requests->music21<10,>=9.1->-r environment\requirements-backend.txt (line 3))
  Downloading charset_normalizer-3.5.1-cp312-cp312-win_amd64.whl (200 kB)
Collecting idna<4,>=2.5 (from requests->music21<10,>=9.1->-r environment\requirements-backend.txt (line 3))
  Downloading idna-3.19-py3-none-any.whl (68 kB)
Collecting urllib3<3,>=1.26 (from requests->music21<10,>=9.1->-r environment\requirements-backend.txt (line 3))
  Downloading urllib3-2.7.0-py3-none-any.whl (131 kB)
Collecting certifi>=2023.5.7 (from requests->music21<10,>=9.1->-r environment\requirements-backend.txt (line 3))
  Downloading certifi-2026.7.22-py3-none-any.whl (136 kB)
Installing collected packages: webencodings, webcolors, verovio, urllib3, six, pyparsing, pycparser, Pillow, numpy, narwhals, more-itertools, kiwisolver, jsonpickle, joblib, importlib_resources, idna, fonttools, defusedxml, cycler, charset_normalizer, chardet, certifi, tinycss2, scipy, requests, python-dateutil, pretty_midi, contourpy, cffi, matplotlib, lightgbm, cssselect2, cairocffi, music21, cairosvg
Successfully installed Pillow-11.3.0 cairocffi-1.7.1 cairosvg-2.9.0 certifi-2026.7.22 cffi-2.1.1 chardet-7.6.0 charset_normalizer-3.5.1 contourpy-1.3.3 cssselect2-0.9.0 cycler-0.12.1 defusedxml-0.7.1 fonttools-4.63.0 idna-3.19 importlib_resources-7.1.0 joblib-1.5.3 jsonpickle-4.1.2 kiwisolver-1.5.0 lightgbm-4.7.0 matplotlib-3.11.1 more-itertools-11.1.0 music21-9.9.2 narwhals-2.24.0 numpy-2.5.2 pretty_midi-0.2.11.post0 pycparser-3.0 pyparsing-3.3.2 python-dateutil-2.9.0.post0 requests-2.34.2 scipy-1.18.0 six-1.17.0 tinycss2-1.5.1 urllib3-2.7.0 verovio-5.7.0 webcolors-25.10.0 webencodings-0.6.1
